
QUESTION id=idea_type kind=choice
What kind of idea is this?
Options:
- business: Makes money
- content: Media
- other: None of the above
Answer shape: {"choice": "<option key>"}

QUESTION id=clarity kind=score
How clear?
Levels (index 0 is lowest):
- 0: Vague
- 1: Clear
Answer shape: {"level": <level index>}

QUESTION id=tarpit kind=noul
This is a tarpit idea.
This is a statement. Judge whether it is true of the STATE.
Answer shape: {"yes": <true|false>}

Reply with JSON only, matching the required schema.